// Jest Snapshot v1, https://goo.gl/fbAQLP

exports[`<Heading /> should match with the snapshot 1`] = `
.c0 {
  color: #FAFAFA;
  font-size: 2.0rem;
  font-size: 2.0rem;
}

@media (min-width: 768px) {
  .c0 {
    font-size: 2.8rem;
  }
}

@media (min-width: 768px) {
  .c0 {
    font-size: 2.8rem;
  }
}

<h2
  class="c0"
>
  Won Games
</h2>
`;
